D:/EMECS/stm32cubeh7-v1-12-0/STM32Cube_FW_H7_V1.12.0/Projects/STM32H735G-DK/Applications/FatFs/FatFs_uSD_RTOS/Core/Src/main.c:83:6:UART_Print	1
D:/EMECS/stm32cubeh7-v1-12-0/STM32Cube_FW_H7_V1.12.0/Projects/STM32H735G-DK/Applications/FatFs/FatFs_uSD_RTOS/Core/Src/main.c:93:5:main	3
D:/EMECS/stm32cubeh7-v1-12-0/STM32Cube_FW_H7_V1.12.0/Projects/STM32H735G-DK/Applications/FatFs/FatFs_uSD_RTOS/Core/Src/main.c:192:13:SystemClock_Config	4
D:/EMECS/stm32cubeh7-v1-12-0/STM32Cube_FW_H7_V1.12.0/Projects/STM32H735G-DK/Applications/FatFs/FatFs_uSD_RTOS/Core/Src/main.c:254:13:MX_GPIO_Init	1
D:/EMECS/stm32cubeh7-v1-12-0/STM32Cube_FW_H7_V1.12.0/Projects/STM32H735G-DK/Applications/FatFs/FatFs_uSD_RTOS/Core/Src/main.c:266:13:STATUS_Thread	4
D:/EMECS/stm32cubeh7-v1-12-0/STM32Cube_FW_H7_V1.12.0/Projects/STM32H735G-DK/Applications/FatFs/FatFs_uSD_RTOS/Core/Src/main.c:298:13:Audio_Task	7
D:/EMECS/stm32cubeh7-v1-12-0/STM32Cube_FW_H7_V1.12.0/Projects/STM32H735G-DK/Applications/FatFs/FatFs_uSD_RTOS/Core/Src/main.c:379:6:Error_Handler	1
D:/EMECS/stm32cubeh7-v1-12-0/STM32Cube_FW_H7_V1.12.0/Projects/STM32H735G-DK/Applications/FatFs/FatFs_uSD_RTOS/Core/Src/main.c:397:13:MPU_Config	1
D:/EMECS/stm32cubeh7-v1-12-0/STM32Cube_FW_H7_V1.12.0/Projects/STM32H735G-DK/Applications/FatFs/FatFs_uSD_RTOS/Core/Src/main.c:442:13:MX_USART3_UART_Init	5
D:/EMECS/stm32cubeh7-v1-12-0/STM32Cube_FW_H7_V1.12.0/Projects/STM32H735G-DK/Applications/FatFs/FatFs_uSD_RTOS/Core/Src/main.c:485:6:HAL_UART_MspInit	4
D:/EMECS/stm32cubeh7-v1-12-0/STM32Cube_FW_H7_V1.12.0/Projects/STM32H735G-DK/Applications/FatFs/FatFs_uSD_RTOS/Core/Src/main.c:525:13:CPU_CACHE_Enable	5
