D:/EMECS/stm32cubeh7-v1-12-0/STM32Cube_FW_H7_V1.12.0/Projects/STM32H735G-DK/Applications/FatFs/FatFs_uSD_RTOS/Core/Src/main.c:62:6:DSP_Init	1
D:/EMECS/stm32cubeh7-v1-12-0/STM32Cube_FW_H7_V1.12.0/Projects/STM32H735G-DK/Applications/FatFs/FatFs_uSD_RTOS/Core/Src/main.c:149:6:UART_Print	1
D:/EMECS/stm32cubeh7-v1-12-0/STM32Cube_FW_H7_V1.12.0/Projects/STM32H735G-DK/Applications/FatFs/FatFs_uSD_RTOS/Core/Src/main.c:159:5:main	3
D:/EMECS/stm32cubeh7-v1-12-0/STM32Cube_FW_H7_V1.12.0/Projects/STM32H735G-DK/Applications/FatFs/FatFs_uSD_RTOS/Core/Src/main.c:266:13:SystemClock_Config	4
D:/EMECS/stm32cubeh7-v1-12-0/STM32Cube_FW_H7_V1.12.0/Projects/STM32H735G-DK/Applications/FatFs/FatFs_uSD_RTOS/Core/Src/main.c:331:13:MX_GPIO_Init	1
D:/EMECS/stm32cubeh7-v1-12-0/STM32Cube_FW_H7_V1.12.0/Projects/STM32H735G-DK/Applications/FatFs/FatFs_uSD_RTOS/Core/Src/main.c:342:13:STATUS_Thread	4
D:/EMECS/stm32cubeh7-v1-12-0/STM32Cube_FW_H7_V1.12.0/Projects/STM32H735G-DK/Applications/FatFs/FatFs_uSD_RTOS/Core/Src/main.c:374:13:Audio_Loopback_Task	16
D:/EMECS/stm32cubeh7-v1-12-0/STM32Cube_FW_H7_V1.12.0/Projects/STM32H735G-DK/Applications/FatFs/FatFs_uSD_RTOS/Core/Src/main.c:524:13:Audio_Analysis_Task	5
D:/EMECS/stm32cubeh7-v1-12-0/STM32Cube_FW_H7_V1.12.0/Projects/STM32H735G-DK/Applications/FatFs/FatFs_uSD_RTOS/Core/Src/main.c:579:6:Error_Handler	1
D:/EMECS/stm32cubeh7-v1-12-0/STM32Cube_FW_H7_V1.12.0/Projects/STM32H735G-DK/Applications/FatFs/FatFs_uSD_RTOS/Core/Src/main.c:596:13:MPU_Config	1
D:/EMECS/stm32cubeh7-v1-12-0/STM32Cube_FW_H7_V1.12.0/Projects/STM32H735G-DK/Applications/FatFs/FatFs_uSD_RTOS/Core/Src/main.c:641:13:MX_USART3_UART_Init	5
D:/EMECS/stm32cubeh7-v1-12-0/STM32Cube_FW_H7_V1.12.0/Projects/STM32H735G-DK/Applications/FatFs/FatFs_uSD_RTOS/Core/Src/main.c:683:6:HAL_UART_MspInit	4
D:/EMECS/stm32cubeh7-v1-12-0/STM32Cube_FW_H7_V1.12.0/Projects/STM32H735G-DK/Applications/FatFs/FatFs_uSD_RTOS/Core/Src/main.c:729:1:__io_putchar	1
D:/EMECS/stm32cubeh7-v1-12-0/STM32Cube_FW_H7_V1.12.0/Projects/STM32H735G-DK/Applications/FatFs/FatFs_uSD_RTOS/Core/Src/main.c:742:13:ConvertSampleBufferToDMABuffer	2
D:/EMECS/stm32cubeh7-v1-12-0/STM32Cube_FW_H7_V1.12.0/Projects/STM32H735G-DK/Applications/FatFs/FatFs_uSD_RTOS/Core/Src/main.c:751:13:CPU_CACHE_Enable	5
